// Jest Snapshot v1, https://goo.gl/fbAQLP

exports[`the Form component renders the same as last time 1`] = `
<div>
  <form
    class="form"
  >
    <h2
      class="title"
      data-testid="new-form-title"
    >
      Add a new fruit
    </h2>
    <div
      class="wrapper"
      data-testid="wrapper"
    >
      <label
        class="label"
        for="name"
      >
        Add a fruit
      </label>
      <input
        class="text"
        data-testid="input-text"
        id="name"
        name="name"
        type="text"
        value=""
      />
    </div>
    <div
      class="wrapper"
      data-testid="wrapper"
    >
      <label
        class="label"
        for="description"
      >
        Description
      </label>
      <input
        class="text"
        data-testid="input-text"
        id="description"
        name="description"
        type="text"
        value=""
      />
    </div>
    <div
      class="wrapper"
      data-testid="wrapper"
    >
      <label
        class="label"
        for="best"
      >
        Is it best?
      </label>
      <div
        class="checkboxWrapper"
      >
        <input
          class="checkbox"
          data-testid="input"
          id="best"
          name="best"
          type="checkbox"
          value="false"
        />
        <label
          class="checkboxLabel"
          data-testid="toggle"
          for="best"
        >
          <span
            class="checkboxButton"
          />
        </label>
      </div>
    </div>
    <button
      class="button"
      data-testid="new-form-submit"
    >
      Add new fruit
    </button>
  </form>
</div>
`;
