// Jest Snapshot v1, https://goo.gl/fbAQLP

exports[`the Form component renders the same as last time 1`] = `
<form
  className="fruit-form"
  onSubmit={[Function]}
>
  <h2>
    List out your favourite fruit
  </h2>
  <div
    className="input-wrapper"
  >
    <label
      htmlFor="name"
    >
      Add a fruit:
    </label>
    <input
      name="name"
      onChange={[Function]}
      type="text"
      value=""
    />
  </div>
  <div
    className="input-wrapper"
  >
    <label
      htmlFor="name"
    >
      Is it best?:
    </label>
    <input
      checked={false}
      name="name"
      onChange={[Function]}
      type="checkbox"
      value="false"
    />
  </div>
  <button>
    Add new fruit
  </button>
</form>
`;

exports[`the Form component with props renders the same as last time 1`] = `
<form
  className="fruit-form"
  onSubmit={[Function]}
>
  <h2>
    List out your favourite fruit
  </h2>
  <div
    className="input-wrapper"
  >
    <label
      htmlFor="name"
    >
      Add a fruit:
    </label>
    <input
      name="name"
      onChange={[Function]}
      type="text"
      value=""
    />
  </div>
  <div
    className="input-wrapper"
  >
    <label
      htmlFor="name"
    >
      Is it best?:
    </label>
    <input
      checked={false}
      name="name"
      onChange={[Function]}
      type="checkbox"
      value="false"
    />
  </div>
  <button>
    Add new fruit
  </button>
</form>
`;

exports[`the Form component without props renders the same as last time 1`] = `
<form
  className="fruit-form"
  onSubmit={[Function]}
>
  <h2>
    List out your favourite fruit
  </h2>
  <div
    className="input-wrapper"
  >
    <label
      htmlFor="name"
    >
      Add a fruit:
    </label>
    <input
      name="name"
      onChange={[Function]}
      type="text"
      value=""
    />
  </div>
  <div
    className="input-wrapper"
  >
    <label
      htmlFor="name"
    >
      Is it best?:
    </label>
    <input
      checked={false}
      name="name"
      onChange={[Function]}
      type="checkbox"
      value="false"
    />
  </div>
  <button>
    Add new fruit
  </button>
</form>
`;
