// Jest Snapshot v1, https://goo.gl/fbAQLP

exports[`the Table component renders the same as last time 1`] = `
<div
  className="fruit-table"
>
  <h2 />
  <table>
    <thead>
      <tr>
        <th>
          ID
        </th>
        <th>
          Fruit
        </th>
        <th>
          Best?
        </th>
        <th>
          Edit
        </th>
        <th>
          Update
        </th>
        <th>
          Remove
        </th>
      </tr>
    </thead>
    <tbody />
  </table>
</div>
`;
