// Jest Snapshot v1, https://goo.gl/fbAQLP

exports[`the FruitItem component renders the same as last time 1`] = `
<div>
  <div
    class="row"
    data-testid="item"
  >
    <div
      class="header"
    >
      <div
        class="section"
      >
        <h3
          class="subtitle"
          data-testid="item-title"
        >
          apple
        </h3>
      </div>
    </div>
    <div
      class="active"
      style="height: 0px; transition: all 0.5s;"
    >
      <div
        class="sectionRow"
      >
        <h4
          class="subtitle"
        >
          Description
        </h4>
        <p
          class="description"
          data-testid="item-description"
        >
          "I don't like doctors"
        </p>
      </div>
      <div
        class="section"
      >
        <h4
          class="subtitle"
        >
          Best
        </h4>
        <input
          class="button"
          id="1"
          name="1"
          type="checkbox"
          value="1"
        />
        <label
          data-testid="item-best"
          for="1"
        >
          false
        </label>
      </div>
      <div
        class="section"
      >
        <h4
          class="subtitle"
        >
          Edit
        </h4>
        <button
          class="button"
          data-testid="update-button"
          name="modal"
        >
          Update
        </button>
        <button
          class="button"
          data-testid="remove-button"
          name="remove"
          value="1"
        >
          Remove
        </button>
      </div>
    </div>
  </div>
</div>
`;
