// Jest Snapshot v1, https://goo.gl/fbAQLP

exports[`the Edit Form component renders the same as last time 1`] = `
<form
  className="form"
  onSubmit={[Function]}
>
  <h2
    className="title"
  >
    Edit a fruit
  </h2>
  <div
    className="wrapper"
  >
    <label
      className="label"
      htmlFor="name"
    >
      Add a fruit
    </label>
    <input
      className="text"
      id="name"
      name="name"
      onChange={[Function]}
      type="text"
      value="apple"
    />
  </div>
  <div
    className="wrapper"
  >
    <label
      className="label"
      htmlFor="best"
    >
      Is it best?
    </label>
    <div
      className="checkboxWrapper"
    >
      <input
        checked={false}
        className="checkbox"
        id="best"
        name="best"
        onChange={[Function]}
        type="checkbox"
      />
      <label
        className="checkboxLabel"
        htmlFor="best"
        style={
          Object {
            "background": undefined,
          }
        }
      >
        <span
          className="checkboxButton"
        />
      </label>
    </div>
  </div>
  <button
    className="button"
  >
    Edit fruit
  </button>
</form>
`;
